25-35-07 20:35:29 INFO [even-management-application] [main] com.hanuman.event.EventApplication : Starting EventApplication using Java 24.0.1 with PID 12096 (C:\Users\psri0005\Documents\Java\Event-ticket-platform\event\target\classes started by psri0005 in C:\Users\psri0005\Documents\Java\Event-ticket-platform\event)
25-35-07 20:35:29 INFO [even-management-application] [main] com.hanuman.event.EventApplication : No active profile set, falling back to 1 default profile: "default"
25-35-07 20:35:30 INFO [even-management-application] [main] o.s.d.r.c.RepositoryConfigurationDelegate : Bootstrapping Spring Data JPA repositories in DEFAULT mode.
25-35-07 20:35:31 INFO [even-management-application] [main] o.s.d.r.c.RepositoryConfigurationDelegate : Finished Spring Data repository scanning in 237 ms. Found 2 JPA repository interfaces.
25-35-07 20:35:32 INFO [even-management-application] [main] o.s.b.w.e.tomcat.TomcatWebServer : Tomcat initialized with port 8080 (http)
25-35-07 20:35:32 INFO [even-management-application] [main] o.a.catalina.core.StandardService : Starting service [Tomcat]
25-35-07 20:35:32 INFO [even-management-application] [main] o.a.catalina.core.StandardEngine : Starting Servlet engine: [Apache Tomcat/10.1.46]
25-35-07 20:35:32 INFO [even-management-application] [main] o.a.c.c.C.[Tomcat].[localhost].[/] : Initializing Spring embedded WebApplicationContext
25-35-07 20:35:32 INFO [even-management-application] [main] o.s.b.w.s.c.ServletWebServerApplicationContext : Root WebApplicationContext: initialization completed in 3254 ms
25-35-07 20:35:32 INFO [even-management-application] [main] o.h.jpa.internal.util.LogHelper : HHH000204: Processing PersistenceUnitInfo [name: default]
25-35-07 20:35:33 INFO [even-management-application] [main] org.hibernate.Version : HHH000412: Hibernate ORM core version 6.6.29.Final
25-35-07 20:35:33 INFO [even-management-application] [main] o.h.c.i.RegionFactoryInitiator : HHH000026: Second-level cache disabled
25-35-07 20:35:34 INFO [even-management-application] [main] o.s.o.j.p.SpringPersistenceUnitInfo : No LoadTimeWeaver setup: ignoring JPA class transformer
25-35-07 20:35:34 INFO [even-management-application] [main] com.zaxxer.hikari.HikariDataSource : HikariPool-1 - Starting...
25-35-07 20:35:35 INFO [even-management-application] [main] com.zaxxer.hikari.pool.HikariPool : HikariPool-1 - Added connection com.mysql.cj.jdbc.ConnectionImpl@60fe75f7
25-35-07 20:35:35 INFO [even-management-application] [main] com.zaxxer.hikari.HikariDataSource : HikariPool-1 - Start completed.
25-35-07 20:35:35 WARN [even-management-application] [main] org.hibernate.orm.deprecation : HHH90000025: MySQL8Dialect does not need to be specified explicitly using 'hibernate.dialect' (remove the property setting and it will be selected by default)
25-35-07 20:35:35 WARN [even-management-application] [main] org.hibernate.orm.deprecation : HHH90000026: MySQL8Dialect has been deprecated; use org.hibernate.dialect.MySQLDialect instead
25-35-07 20:35:35 INFO [even-management-application] [main] o.hibernate.orm.connections.pooling : HHH10001005: Database info:
	Database JDBC URL [Connecting through datasource 'HikariDataSource (HikariPool-1)']
	Database driver: undefined/unknown
	Database version: 8.0
	Autocommit mode: undefined/unknown
	Isolation level: undefined/unknown
	Minimum pool size: undefined/unknown
	Maximum pool size: undefined/unknown
25-35-07 20:35:36 INFO [even-management-application] [main] o.h.e.t.j.p.i.JtaPlatformInitiator : HHH000489: No JTA platform available (set 'hibernate.transaction.jta.platform' to enable JTA platform integration)
25-35-07 20:35:37 INFO [even-management-application] [main] o.s.o.j.LocalContainerEntityManagerFactoryBean : Initialized JPA EntityManagerFactory for persistence unit 'default'
25-35-07 20:35:37 WARN [even-management-application] [main] o.s.b.a.o.j.JpaBaseConfiguration$JpaWebConfiguration : spring.jpa.open-in-view is enabled by default. Therefore, database queries may be performed during view rendering. Explicitly configure spring.jpa.open-in-view to disable this warning
25-35-07 20:35:38 INFO [even-management-application] [main] o.s.b.w.e.tomcat.TomcatWebServer : Tomcat started on port 8080 (http) with context path '/'
25-35-07 20:35:39 INFO [even-management-application] [main] com.hanuman.event.EventApplication : Started EventApplication in 10.582 seconds (process running for 11.692)
25-43-07 20:43:09 INFO [even-management-application] [main] com.hanuman.event.EventApplication : Starting EventApplication using Java 24.0.1 with PID 26796 (C:\Users\psri0005\Documents\Java\Event-ticket-platform\event\target\classes started by psri0005 in C:\Users\psri0005\Documents\Java\Event-ticket-platform\event)
25-43-07 20:43:09 INFO [even-management-application] [main] com.hanuman.event.EventApplication : No active profile set, falling back to 1 default profile: "default"
25-43-07 20:43:11 INFO [even-management-application] [main] o.s.d.r.c.RepositoryConfigurationDelegate : Bootstrapping Spring Data JPA repositories in DEFAULT mode.
25-43-07 20:43:11 INFO [even-management-application] [main] o.s.d.r.c.RepositoryConfigurationDelegate : Finished Spring Data repository scanning in 272 ms. Found 2 JPA repository interfaces.
25-43-07 20:43:12 INFO [even-management-application] [main] o.s.b.w.e.tomcat.TomcatWebServer : Tomcat initialized with port 8080 (http)
25-43-07 20:43:13 INFO [even-management-application] [main] o.a.catalina.core.StandardService : Starting service [Tomcat]
25-43-07 20:43:13 INFO [even-management-application] [main] o.a.catalina.core.StandardEngine : Starting Servlet engine: [Apache Tomcat/10.1.46]
25-43-07 20:43:13 INFO [even-management-application] [main] o.a.c.c.C.[Tomcat].[localhost].[/] : Initializing Spring embedded WebApplicationContext
25-43-07 20:43:13 INFO [even-management-application] [main] o.s.b.w.s.c.ServletWebServerApplicationContext : Root WebApplicationContext: initialization completed in 3118 ms
25-43-07 20:43:13 INFO [even-management-application] [main] o.h.jpa.internal.util.LogHelper : HHH000204: Processing PersistenceUnitInfo [name: default]
25-43-07 20:43:13 INFO [even-management-application] [main] org.hibernate.Version : HHH000412: Hibernate ORM core version 6.6.29.Final
25-43-07 20:43:13 INFO [even-management-application] [main] o.h.c.i.RegionFactoryInitiator : HHH000026: Second-level cache disabled
25-43-07 20:43:14 INFO [even-management-application] [main] o.s.o.j.p.SpringPersistenceUnitInfo : No LoadTimeWeaver setup: ignoring JPA class transformer
25-43-07 20:43:15 INFO [even-management-application] [main] com.zaxxer.hikari.HikariDataSource : HikariPool-1 - Starting...
25-43-07 20:43:15 INFO [even-management-application] [main] com.zaxxer.hikari.pool.HikariPool : HikariPool-1 - Added connection com.mysql.cj.jdbc.ConnectionImpl@59831016
25-43-07 20:43:15 INFO [even-management-application] [main] com.zaxxer.hikari.HikariDataSource : HikariPool-1 - Start completed.
25-43-07 20:43:15 WARN [even-management-application] [main] org.hibernate.orm.deprecation : HHH90000025: MySQL8Dialect does not need to be specified explicitly using 'hibernate.dialect' (remove the property setting and it will be selected by default)
25-43-07 20:43:15 WARN [even-management-application] [main] org.hibernate.orm.deprecation : HHH90000026: MySQL8Dialect has been deprecated; use org.hibernate.dialect.MySQLDialect instead
25-43-07 20:43:15 INFO [even-management-application] [main] o.hibernate.orm.connections.pooling : HHH10001005: Database info:
	Database JDBC URL [Connecting through datasource 'HikariDataSource (HikariPool-1)']
	Database driver: undefined/unknown
	Database version: 8.0
	Autocommit mode: undefined/unknown
	Isolation level: undefined/unknown
	Minimum pool size: undefined/unknown
	Maximum pool size: undefined/unknown
25-43-07 20:43:17 INFO [even-management-application] [main] o.h.e.t.j.p.i.JtaPlatformInitiator : HHH000489: No JTA platform available (set 'hibernate.transaction.jta.platform' to enable JTA platform integration)
25-43-07 20:43:17 INFO [even-management-application] [main] o.s.o.j.LocalContainerEntityManagerFactoryBean : Initialized JPA EntityManagerFactory for persistence unit 'default'
25-43-07 20:43:18 WARN [even-management-application] [main] o.s.b.a.o.j.JpaBaseConfiguration$JpaWebConfiguration : spring.jpa.open-in-view is enabled by default. Therefore, database queries may be performed during view rendering. Explicitly configure spring.jpa.open-in-view to disable this warning
25-43-07 20:43:19 INFO [even-management-application] [main] o.s.b.w.e.tomcat.TomcatWebServer : Tomcat started on port 8080 (http) with context path '/'
25-43-07 20:43:19 INFO [even-management-application] [main] com.hanuman.event.EventApplication : Started EventApplication in 10.799 seconds (process running for 11.574)
25-43-07 20:43:27 INFO [even-management-application] [http-nio-8080-exec-2] o.a.c.c.C.[Tomcat].[localhost].[/] : Initializing Spring DispatcherServlet 'dispatcherServlet'
25-43-07 20:43:27 INFO [even-management-application] [http-nio-8080-exec-2] o.s.web.servlet.DispatcherServlet : Initializing Servlet 'dispatcherServlet'
25-43-07 20:43:27 INFO [even-management-application] [http-nio-8080-exec-2] o.s.web.servlet.DispatcherServlet : Completed initialization in 1 ms
25-43-07 20:43:27 INFO [even-management-application] [http-nio-8080-exec-2] c.h.event.controller.AppController : INFO message
25-43-07 20:43:27 WARN [even-management-application] [http-nio-8080-exec-2] c.h.event.controller.AppController : WARN message
25-43-07 20:43:27 ERROR [even-management-application] [http-nio-8080-exec-2] c.h.event.controller.AppController : ERROR message
25-43-07 20:43:27 DEBUG [even-management-application] [http-nio-8080-exec-2] c.h.event.controller.AppController : DEBUG message
25-44-07 20:44:39 INFO [even-management-application] [main] com.hanuman.event.EventApplication : Starting EventApplication using Java 24.0.1 with PID 17304 (C:\Users\psri0005\Documents\Java\Event-ticket-platform\event\target\classes started by psri0005 in C:\Users\psri0005\Documents\Java\Event-ticket-platform\event)
25-44-07 20:44:39 INFO [even-management-application] [main] com.hanuman.event.EventApplication : No active profile set, falling back to 1 default profile: "default"
25-44-07 20:44:40 INFO [even-management-application] [main] o.s.d.r.c.RepositoryConfigurationDelegate : Bootstrapping Spring Data JPA repositories in DEFAULT mode.
25-44-07 20:44:40 INFO [even-management-application] [main] o.s.d.r.c.RepositoryConfigurationDelegate : Finished Spring Data repository scanning in 257 ms. Found 2 JPA repository interfaces.
25-44-07 20:44:42 INFO [even-management-application] [main] o.s.b.w.e.tomcat.TomcatWebServer : Tomcat initialized with port 8080 (http)
25-44-07 20:44:42 INFO [even-management-application] [main] o.a.catalina.core.StandardService : Starting service [Tomcat]
25-44-07 20:44:42 INFO [even-management-application] [main] o.a.catalina.core.StandardEngine : Starting Servlet engine: [Apache Tomcat/10.1.46]
25-44-07 20:44:42 INFO [even-management-application] [main] o.a.c.c.C.[Tomcat].[localhost].[/] : Initializing Spring embedded WebApplicationContext
25-44-07 20:44:42 INFO [even-management-application] [main] o.s.b.w.s.c.ServletWebServerApplicationContext : Root WebApplicationContext: initialization completed in 3141 ms
25-44-07 20:44:42 INFO [even-management-application] [main] o.h.jpa.internal.util.LogHelper : HHH000204: Processing PersistenceUnitInfo [name: default]
25-44-07 20:44:42 INFO [even-management-application] [main] org.hibernate.Version : HHH000412: Hibernate ORM core version 6.6.29.Final
25-44-07 20:44:43 INFO [even-management-application] [main] o.h.c.i.RegionFactoryInitiator : HHH000026: Second-level cache disabled
25-44-07 20:44:44 INFO [even-management-application] [main] o.s.o.j.p.SpringPersistenceUnitInfo : No LoadTimeWeaver setup: ignoring JPA class transformer
25-44-07 20:44:44 INFO [even-management-application] [main] com.zaxxer.hikari.HikariDataSource : HikariPool-1 - Starting...
25-44-07 20:44:44 INFO [even-management-application] [main] com.zaxxer.hikari.pool.HikariPool : HikariPool-1 - Added connection com.mysql.cj.jdbc.ConnectionImpl@3791af
25-44-07 20:44:44 INFO [even-management-application] [main] com.zaxxer.hikari.HikariDataSource : HikariPool-1 - Start completed.
25-44-07 20:44:44 WARN [even-management-application] [main] org.hibernate.orm.deprecation : HHH90000025: MySQL8Dialect does not need to be specified explicitly using 'hibernate.dialect' (remove the property setting and it will be selected by default)
25-44-07 20:44:44 WARN [even-management-application] [main] org.hibernate.orm.deprecation : HHH90000026: MySQL8Dialect has been deprecated; use org.hibernate.dialect.MySQLDialect instead
25-44-07 20:44:44 INFO [even-management-application] [main] o.hibernate.orm.connections.pooling : HHH10001005: Database info:
	Database JDBC URL [Connecting through datasource 'HikariDataSource (HikariPool-1)']
	Database driver: undefined/unknown
	Database version: 8.0
	Autocommit mode: undefined/unknown
	Isolation level: undefined/unknown
	Minimum pool size: undefined/unknown
	Maximum pool size: undefined/unknown
25-44-07 20:44:46 INFO [even-management-application] [main] o.h.e.t.j.p.i.JtaPlatformInitiator : HHH000489: No JTA platform available (set 'hibernate.transaction.jta.platform' to enable JTA platform integration)
25-44-07 20:44:46 INFO [even-management-application] [main] o.s.o.j.LocalContainerEntityManagerFactoryBean : Initialized JPA EntityManagerFactory for persistence unit 'default'
25-44-07 20:44:47 WARN [even-management-application] [main] o.s.b.a.o.j.JpaBaseConfiguration$JpaWebConfiguration : spring.jpa.open-in-view is enabled by default. Therefore, database queries may be performed during view rendering. Explicitly configure spring.jpa.open-in-view to disable this warning
25-44-07 20:44:48 INFO [even-management-application] [main] o.s.b.w.e.tomcat.TomcatWebServer : Tomcat started on port 8080 (http) with context path '/'
25-44-07 20:44:48 INFO [even-management-application] [main] com.hanuman.event.EventApplication : Started EventApplication in 10.623 seconds (process running for 11.362)
25-44-07 20:44:54 INFO [even-management-application] [http-nio-8080-exec-1] o.a.c.c.C.[Tomcat].[localhost].[/] : Initializing Spring DispatcherServlet 'dispatcherServlet'
25-44-07 20:44:54 INFO [even-management-application] [http-nio-8080-exec-1] o.s.web.servlet.DispatcherServlet : Initializing Servlet 'dispatcherServlet'
25-44-07 20:44:54 INFO [even-management-application] [http-nio-8080-exec-1] o.s.web.servlet.DispatcherServlet : Completed initialization in 1 ms
25-44-07 20:44:54 INFO [even-management-application] [http-nio-8080-exec-1] c.h.event.controller.AppController : INFO message
25-44-07 20:44:54 WARN [even-management-application] [http-nio-8080-exec-1] c.h.event.controller.AppController : WARN message
25-44-07 20:44:54 ERROR [even-management-application] [http-nio-8080-exec-1] c.h.event.controller.AppController : ERROR message
25-44-07 20:44:54 DEBUG [even-management-application] [http-nio-8080-exec-1] c.h.event.controller.AppController : DEBUG message
25-44-07 20:44:54 ERROR [even-management-application] [http-nio-8080-exec-1] o.a.c.c.C.[.[.[.[dispatcherServlet] : Servlet.service() for servlet [dispatcherServlet] in context with path [] threw exception [Request processing failed: java.lang.RuntimeException: Exception in controller message] with root cause
java.lang.RuntimeException: Exception in controller message
	at com.hanuman.event.controller.AppController.getData(AppController.java:33)
	at java.base/jdk.internal.reflect.DirectMethodHandleAccessor.invoke(DirectMethodHandleAccessor.java:104)
	at java.base/java.lang.reflect.Method.invoke(Method.java:565)
	at org.springframework.web.method.support.InvocableHandlerMethod.doInvoke(InvocableHandlerMethod.java:258)
	at org.springframework.web.method.support.InvocableHandlerMethod.invokeForRequest(InvocableHandlerMethod.java:191)
	at org.springframework.web.servlet.mvc.method.annotation.ServletInvocableHandlerMethod.invokeAndHandle(ServletInvocableHandlerMethod.java:118)
	at org.springframework.web.servlet.mvc.method.annotation.RequestMappingHandlerAdapter.invokeHandlerMethod(RequestMappingHandlerAdapter.java:991)
	at org.springframework.web.servlet.mvc.method.annotation.RequestMappingHandlerAdapter.handleInternal(RequestMappingHandlerAdapter.java:896)
	at org.springframework.web.servlet.mvc.method.AbstractHandlerMethodAdapter.handle(AbstractHandlerMethodAdapter.java:87)
	at org.springframework.web.servlet.DispatcherServlet.doDispatch(DispatcherServlet.java:1089)
	at org.springframework.web.servlet.DispatcherServlet.doService(DispatcherServlet.java:979)
	at org.springframework.web.servlet.FrameworkServlet.processRequest(FrameworkServlet.java:1014)
	at org.springframework.web.servlet.FrameworkServlet.doGet(FrameworkServlet.java:903)
	at jakarta.servlet.http.HttpServlet.service(HttpServlet.java:564)
	at org.springframework.web.servlet.FrameworkServlet.service(FrameworkServlet.java:885)
	at jakarta.servlet.http.HttpServlet.service(HttpServlet.java:658)
	at org.apache.catalina.core.ApplicationFilterChain.internalDoFilter(ApplicationFilterChain.java:195)
	at org.apache.catalina.core.ApplicationFilterChain.doFilter(ApplicationFilterChain.java:140)
	at org.apache.tomcat.websocket.server.WsFilter.doFilter(WsFilter.java:51)
	at org.apache.catalina.core.ApplicationFilterChain.internalDoFilter(ApplicationFilterChain.java:164)
	at org.apache.catalina.core.ApplicationFilterChain.doFilter(ApplicationFilterChain.java:140)
	at org.springframework.web.filter.OncePerRequestFilter.doFilter(OncePerRequestFilter.java:110)
	at org.apache.catalina.core.ApplicationFilterChain.internalDoFilter(ApplicationFilterChain.java:164)
	at org.apache.catalina.core.ApplicationFilterChain.doFilter(ApplicationFilterChain.java:140)
	at org.springframework.web.filter.CompositeFilter$VirtualFilterChain.doFilter(CompositeFilter.java:108)
	at org.springframework.web.filter.CompositeFilter$VirtualFilterChain.doFilter(CompositeFilter.java:108)
	at org.springframework.security.web.FilterChainProxy.lambda$doFilterInternal$3(FilterChainProxy.java:231)
	at org.springframework.security.web.FilterChainProxy$VirtualFilterChain.doFilter(FilterChainProxy.java:365)
	at org.springframework.security.web.access.intercept.AuthorizationFilter.doFilter(AuthorizationFilter.java:101)
	at org.springframework.security.web.FilterChainProxy$VirtualFilterChain.doFilter(FilterChainProxy.java:374)
	at org.springframework.security.web.access.ExceptionTranslationFilter.doFilter(ExceptionTranslationFilter.java:125)
	at org.springframework.security.web.access.ExceptionTranslationFilter.doFilter(ExceptionTranslationFilter.java:119)
	at org.springframework.security.web.FilterChainProxy$VirtualFilterChain.doFilter(FilterChainProxy.java:374)
	at org.springframework.security.web.session.SessionManagementFilter.doFilter(SessionManagementFilter.java:131)
	at org.springframework.security.web.session.SessionManagementFilter.doFilter(SessionManagementFilter.java:85)
	at org.springframework.security.web.FilterChainProxy$VirtualFilterChain.doFilter(FilterChainProxy.java:374)
	at org.springframework.security.web.authentication.AnonymousAuthenticationFilter.doFilter(AnonymousAuthenticationFilter.java:100)
	at org.springframework.security.web.FilterChainProxy$VirtualFilterChain.doFilter(FilterChainProxy.java:374)
	at org.springframework.security.web.servletapi.SecurityContextHolderAwareRequestFilter.doFilter(SecurityContextHolderAwareRequestFilter.java:179)
	at org.springframework.security.web.FilterChainProxy$VirtualFilterChain.doFilter(FilterChainProxy.java:374)
	at org.springframework.security.web.savedrequest.RequestCacheAwareFilter.doFilter(RequestCacheAwareFilter.java:63)
	at org.springframework.security.web.FilterChainProxy$VirtualFilterChain.doFilter(FilterChainProxy.java:374)
	at org.springframework.security.web.authentication.AuthenticationFilter.doFilterInternal(AuthenticationFilter.java:177)
	at org.springframework.web.filter.OncePerRequestFilter.doFilter(OncePerRequestFilter.java:116)
	at org.springframework.security.web.FilterChainProxy$VirtualFilterChain.doFilter(FilterChainProxy.java:374)
	at com.hanuman.event.configuration.filters.UserProvisioningFilter.doFilterInternal(UserProvisioningFilter.java:54)
	at org.springframework.web.filter.OncePerRequestFilter.doFilter(OncePerRequestFilter.java:116)
	at org.springframework.security.web.FilterChainProxy$VirtualFilterChain.doFilter(FilterChainProxy.java:374)
	at org.springframework.security.oauth2.server.resource.web.authentication.BearerTokenAuthenticationFilter.doFilterInternal(BearerTokenAuthenticationFilter.java:135)
	at org.springframework.web.filter.OncePerRequestFilter.doFilter(OncePerRequestFilter.java:116)
	at org.springframework.security.web.FilterChainProxy$VirtualFilterChain.doFilter(FilterChainProxy.java:374)
	at org.springframework.security.web.authentication.logout.LogoutFilter.doFilter(LogoutFilter.java:107)
	at org.springframework.security.web.authentication.logout.LogoutFilter.doFilter(LogoutFilter.java:93)
	at org.springframework.security.web.FilterChainProxy$VirtualFilterChain.doFilter(FilterChainProxy.java:374)
	at org.springframework.web.filter.CorsFilter.doFilterInternal(CorsFilter.java:91)
	at org.springframework.web.filter.OncePerRequestFilter.doFilter(OncePerRequestFilter.java:116)
	at org.springframework.security.web.FilterChainProxy$VirtualFilterChain.doFilter(FilterChainProxy.java:374)
	at org.springframework.security.web.header.HeaderWriterFilter.doHeadersAfter(HeaderWriterFilter.java:90)
	at org.springframework.security.web.header.HeaderWriterFilter.doFilterInternal(HeaderWriterFilter.java:75)
	at org.springframework.web.filter.OncePerRequestFilter.doFilter(OncePerRequestFilter.java:116)
	at org.springframework.security.web.FilterChainProxy$VirtualFilterChain.doFilter(FilterChainProxy.java:374)
	at org.springframework.security.web.context.SecurityContextHolderFilter.doFilter(SecurityContextHolderFilter.java:82)
	at org.springframework.security.web.context.SecurityContextHolderFilter.doFilter(SecurityContextHolderFilter.java:69)
	at org.springframework.security.web.FilterChainProxy$VirtualFilterChain.doFilter(FilterChainProxy.java:374)
	at org.springframework.security.web.context.request.async.WebAsyncManagerIntegrationFilter.doFilterInternal(WebAsyncManagerIntegrationFilter.java:62)
	at org.springframework.web.filter.OncePerRequestFilter.doFilter(OncePerRequestFilter.java:116)
	at org.springframework.security.web.FilterChainProxy$VirtualFilterChain.doFilter(FilterChainProxy.java:374)
	at org.springframework.security.web.session.DisableEncodeUrlFilter.doFilterInternal(DisableEncodeUrlFilter.java:42)
	at org.springframework.web.filter.OncePerRequestFilter.doFilter(OncePerRequestFilter.java:116)
	at org.springframework.security.web.FilterChainProxy$VirtualFilterChain.doFilter(FilterChainProxy.java:374)
	at org.springframework.security.web.FilterChainProxy.doFilterInternal(FilterChainProxy.java:233)
	at org.springframework.security.web.FilterChainProxy.doFilter(FilterChainProxy.java:191)
	at org.springframework.web.filter.CompositeFilter$VirtualFilterChain.doFilter(CompositeFilter.java:113)
	at org.springframework.web.filter.ServletRequestPathFilter.doFilter(ServletRequestPathFilter.java:52)
	at org.springframework.web.filter.CompositeFilter$VirtualFilterChain.doFilter(CompositeFilter.java:113)
	at org.springframework.web.filter.CompositeFilter.doFilter(CompositeFilter.java:74)
	at org.springframework.security.config.annotation.web.configuration.WebSecurityConfiguration$CompositeFilterChainProxy.doFilter(WebSecurityConfiguration.java:319)
	at org.springframework.web.filter.CompositeFilter$VirtualFilterChain.doFilter(CompositeFilter.java:113)
	at org.springframework.web.servlet.handler.HandlerMappingIntrospector.lambda$createCacheFilter$4(HandlerMappingIntrospector.java:267)
	at org.springframework.web.filter.CompositeFilter$VirtualFilterChain.doFilter(CompositeFilter.java:113)
	at org.springframework.web.filter.CompositeFilter.doFilter(CompositeFilter.java:74)
	at org.springframework.security.config.annotation.web.configuration.WebMvcSecurityConfiguration$CompositeFilterChainProxy.doFilter(WebMvcSecurityConfiguration.java:240)
	at org.springframework.web.filter.DelegatingFilterProxy.invokeDelegate(DelegatingFilterProxy.java:362)
	at org.springframework.web.filter.DelegatingFilterProxy.doFilter(DelegatingFilterProxy.java:278)
	at org.apache.catalina.core.ApplicationFilterChain.internalDoFilter(ApplicationFilterChain.java:164)
	at org.apache.catalina.core.ApplicationFilterChain.doFilter(ApplicationFilterChain.java:140)
	at org.springframework.web.filter.RequestContextFilter.doFilterInternal(RequestContextFilter.java:100)
	at org.springframework.web.filter.OncePerRequestFilter.doFilter(OncePerRequestFilter.java:116)
	at org.apache.catalina.core.ApplicationFilterChain.internalDoFilter(ApplicationFilterChain.java:164)
	at org.apache.catalina.core.ApplicationFilterChain.doFilter(ApplicationFilterChain.java:140)
	at org.springframework.web.filter.FormContentFilter.doFilterInternal(FormContentFilter.java:93)
	at org.springframework.web.filter.OncePerRequestFilter.doFilter(OncePerRequestFilter.java:116)
	at org.apache.catalina.core.ApplicationFilterChain.internalDoFilter(ApplicationFilterChain.java:164)
	at org.apache.catalina.core.ApplicationFilterChain.doFilter(ApplicationFilterChain.java:140)
	at org.springframework.web.filter.CharacterEncodingFilter.doFilterInternal(CharacterEncodingFilter.java:201)
	at org.springframework.web.filter.OncePerRequestFilter.doFilter(OncePerRequestFilter.java:116)
	at org.apache.catalina.core.ApplicationFilterChain.internalDoFilter(ApplicationFilterChain.java:164)
	at org.apache.catalina.core.ApplicationFilterChain.doFilter(ApplicationFilterChain.java:140)
	at org.apache.catalina.core.StandardWrapperValve.invoke(StandardWrapperValve.java:167)
	at org.apache.catalina.core.StandardContextValve.invoke(StandardContextValve.java:90)
	at org.apache.catalina.authenticator.AuthenticatorBase.invoke(AuthenticatorBase.java:483)
	at org.apache.catalina.core.StandardHostValve.invoke(StandardHostValve.java:116)
	at org.apache.catalina.valves.ErrorReportValve.invoke(ErrorReportValve.java:93)
	at org.apache.catalina.core.StandardEngineValve.invoke(StandardEngineValve.java:74)
	at org.apache.catalina.connector.CoyoteAdapter.service(CoyoteAdapter.java:344)
	at org.apache.coyote.http11.Http11Processor.service(Http11Processor.java:398)
	at org.apache.coyote.AbstractProcessorLight.process(AbstractProcessorLight.java:63)
	at org.apache.coyote.AbstractProtocol$ConnectionHandler.process(AbstractProtocol.java:903)
	at org.apache.tomcat.util.net.NioEndpoint$SocketProcessor.doRun(NioEndpoint.java:1776)
	at org.apache.tomcat.util.net.SocketProcessorBase.run(SocketProcessorBase.java:52)
	at org.apache.tomcat.util.threads.ThreadPoolExecutor.runWorker(ThreadPoolExecutor.java:975)
	at org.apache.tomcat.util.threads.ThreadPoolExecutor$Worker.run(ThreadPoolExecutor.java:493)
	at org.apache.tomcat.util.threads.TaskThread$WrappingRunnable.run(TaskThread.java:63)
	at java.base/java.lang.Thread.run(Thread.java:1447)
25-54-07 20:54:29 WARN [even-management-application] [HikariPool-1:housekeeper] com.zaxxer.hikari.pool.HikariPool : HikariPool-1 - Thread starvation or clock leap detected (housekeeper delta=6m14s277ms850µs200ns).
25-33-07 21:33:59 WARN [even-management-application] [HikariPool-1:housekeeper] com.zaxxer.hikari.pool.HikariPool : HikariPool-1 - Thread starvation or clock leap detected (housekeeper delta=39m30s142ms995µs).
25-59-07 21:59:24 INFO [even-management-application] [main] com.hanuman.event.EventApplication : Starting EventApplication using Java 24.0.1 with PID 19740 (C:\Users\psri0005\Documents\Java\Event-ticket-platform\event\target\classes started by psri0005 in C:\Users\psri0005\Documents\Java\Event-ticket-platform\event)
25-59-07 21:59:24 INFO [even-management-application] [main] com.hanuman.event.EventApplication : No active profile set, falling back to 1 default profile: "default"
25-59-07 21:59:26 INFO [even-management-application] [main] o.s.d.r.c.RepositoryConfigurationDelegate : Bootstrapping Spring Data JPA repositories in DEFAULT mode.
25-59-07 21:59:26 INFO [even-management-application] [main] o.s.d.r.c.RepositoryConfigurationDelegate : Finished Spring Data repository scanning in 218 ms. Found 2 JPA repository interfaces.
25-59-07 21:59:27 INFO [even-management-application] [main] o.s.b.w.e.tomcat.TomcatWebServer : Tomcat initialized with port 8080 (http)
25-59-07 21:59:27 INFO [even-management-application] [main] o.a.catalina.core.StandardService : Starting service [Tomcat]
25-59-07 21:59:27 INFO [even-management-application] [main] o.a.catalina.core.StandardEngine : Starting Servlet engine: [Apache Tomcat/10.1.46]
25-59-07 21:59:27 INFO [even-management-application] [main] o.a.c.c.C.[Tomcat].[localhost].[/] : Initializing Spring embedded WebApplicationContext
25-59-07 21:59:27 INFO [even-management-application] [main] o.s.b.w.s.c.ServletWebServerApplicationContext : Root WebApplicationContext: initialization completed in 3341 ms
25-59-07 21:59:28 INFO [even-management-application] [main] o.h.jpa.internal.util.LogHelper : HHH000204: Processing PersistenceUnitInfo [name: default]
25-59-07 21:59:28 INFO [even-management-application] [main] org.hibernate.Version : HHH000412: Hibernate ORM core version 6.6.29.Final
25-59-07 21:59:28 INFO [even-management-application] [main] o.h.c.i.RegionFactoryInitiator : HHH000026: Second-level cache disabled
25-59-07 21:59:30 INFO [even-management-application] [main] o.s.o.j.p.SpringPersistenceUnitInfo : No LoadTimeWeaver setup: ignoring JPA class transformer
25-59-07 21:59:30 INFO [even-management-application] [main] com.zaxxer.hikari.HikariDataSource : HikariPool-1 - Starting...
25-59-07 21:59:31 INFO [even-management-application] [main] com.zaxxer.hikari.pool.HikariPool : HikariPool-1 - Added connection com.mysql.cj.jdbc.ConnectionImpl@7ce4498f
25-59-07 21:59:31 INFO [even-management-application] [main] com.zaxxer.hikari.HikariDataSource : HikariPool-1 - Start completed.
25-59-07 21:59:31 WARN [even-management-application] [main] org.hibernate.orm.deprecation : HHH90000025: MySQL8Dialect does not need to be specified explicitly using 'hibernate.dialect' (remove the property setting and it will be selected by default)
25-59-07 21:59:31 WARN [even-management-application] [main] org.hibernate.orm.deprecation : HHH90000026: MySQL8Dialect has been deprecated; use org.hibernate.dialect.MySQLDialect instead
25-59-07 21:59:31 INFO [even-management-application] [main] o.hibernate.orm.connections.pooling : HHH10001005: Database info:
	Database JDBC URL [Connecting through datasource 'HikariDataSource (HikariPool-1)']
	Database driver: undefined/unknown
	Database version: 8.0
	Autocommit mode: undefined/unknown
	Isolation level: undefined/unknown
	Minimum pool size: undefined/unknown
	Maximum pool size: undefined/unknown
25-59-07 21:59:33 INFO [even-management-application] [main] o.h.e.t.j.p.i.JtaPlatformInitiator : HHH000489: No JTA platform available (set 'hibernate.transaction.jta.platform' to enable JTA platform integration)
25-59-07 21:59:34 INFO [even-management-application] [main] o.s.o.j.LocalContainerEntityManagerFactoryBean : Initialized JPA EntityManagerFactory for persistence unit 'default'
25-59-07 21:59:34 WARN [even-management-application] [main] o.s.b.a.o.j.JpaBaseConfiguration$JpaWebConfiguration : spring.jpa.open-in-view is enabled by default. Therefore, database queries may be performed during view rendering. Explicitly configure spring.jpa.open-in-view to disable this warning
25-59-07 21:59:36 INFO [even-management-application] [main] o.s.b.w.e.tomcat.TomcatWebServer : Tomcat started on port 8080 (http) with context path '/'
25-59-07 21:59:36 INFO [even-management-application] [main] com.hanuman.event.EventApplication : Started EventApplication in 12.823 seconds (process running for 13.99)
